tun-manager  ctx: —                                                                                             loading…
────────────────────────────────────────────────────────────────────────────────────────────────────────────────────────
    NAME          GRP    STATE     HANDSHAKE  RX / TX          PING    ENDPOINT                                         
  no tunnel found

 r refresh · p ping · s up all · ␣ select · ⏎ toggle · n needed · g graph · l logs · ? help · q quit